[0m








[36C±±²²²ÛÛÛßßÜÝÞßÞÝßÞÜÞþ
[24C±±±°°°°°° °
[20C±±±±±±±±±±° °°°[22CßÜÝÞ
[22C[31m°±Û°²Ûß²ßÛÜÛÜÝÛ±ßÝÛßÝÞßÝÞÜþÝÞÝÞúÝúþ Þú Þú
[37m[18C[5;44;34m  [0m [5;44;34m   [0;1;32m²Û°±°±°±²Û°±ß²ÛßÛ²±ÜÛ±ÝÝÞÞÞþú ú þú  þþ
[0m[62CÜÝÞ
[65CßÞÝßÜÝÞ
[39C±±±°°°°°° °
[37C±±±±±±±±° °°°
[34C±±±°°°°°° °
[32C±±±±±±±±° °°°

[21C±±±°°°°°° °
[19C±±±±±±±±° °°°
[19C±±±°°°°°° °
[17C±±±±±±±±° °°°

[15C±±±°°°°°° °
[14C±±±°°°°°° °
[12C±±±°°°°°° °
[12C±±±°°°°°° °
[12C±±±°°°°°° °
[11C±±±°°°°°° °
[9C±±±±±±±±° °°°
